
> frontend-clinic@0.1.0 build
> next build

Γû▓ Next.js 16.1.7 (Turbopack)

node.exe : ΓÜá The 
"middleware" file 
convention is 
deprecated. Please use 
"proxy" instead. Learn 
more: https://nextjs.or
g/docs/messages/middlew
are-to-proxy
At line:1 char:1
+ & "C:\Program 
Files\nodejs/node.exe" 
"C:\Users\HarshRaj\AppD
ata\Roami ...
+ ~~~~~~~~~~~~~~~~~~~~~
~~~~~~~~~~~~~~~~~~~~~~~
~~~~~~~~~~~~~~~~~~~~~~~
~~
    + CategoryInfo     
         : 
NotSpecified    : (ΓÜá 
The "middle.    
..leware-to-proxy:S    
tring) [], RemoteEx    
ception
    + 
FullyQualifiedErr    
orId : NativeComman    
dError
 
  Creating an optimized production build ...
Γ£ô Compiled successfully in 1421.9ms
  Running TypeScript ...
  Collecting page data using 15 workers ...
  Generating static pages using 15 workers (0/9) ...
  Generating static pages using 15 workers (2/9) 
  Generating static pages using 15 workers (4/9) 
  Generating static pages using 15 workers (6/9) 
Γ£ô Generating static pages using 15 workers (9/9) in 566.9ms
  Finalizing page optimization ...

Route (app)
Γöî Γùï /
Γö£ Γùï /_not-found
Γö£ Γùï /admin
Γö£ Γùï /doctor
Γö£ Γùï /login
Γö£ Γùï /patient
Γöö Γùï /receptionist


╞Æ Proxy (Middleware)

Γùï  (Static)  prerendered as static content

